╭─────────────────────────────────────────────────────────────────────────────────────────────────── Audit SEO ───────────────────────────────────────────────────────────────────────────────────────────────────╮
│ 🚀 SEO Audit Automation Tool                                                                                                                                                                                    │
│                                                                                                                                                                                                                 │
│   Dominio: https://arkys.agency                                                                                                                                                                                 │
│   Data: 2026-09-14 15:22:02                                                                                                                                                                                     │
╰─────────────────────────────────────────────────────────────────────────────────────────────────────────────────────────────────────────────────────────────────────────────────────────────────────────────────╯

📦 Fase 1: Raccolta dati
  ⠋ Raccolta dati PageSpeedCollector...
[09/14/26 15:22:02] INFO     🔍 Raccolta dati PageSpeed per https://arkys.agency...                                                                                                                                
                    INFO     ✅ Cache HIT per https://arkys.agency (mobile)                                                                                                                                        
                    INFO     ✅ Cache HIT per https://arkys.agency (desktop)                                                                                                                                       
  ✓ PageSpeedCollector completato
  ⠋ Raccolta dati GSCCollector...
[09/14/26 15:22:02] INFO     🔍 Raccolta dati GSC per https://arkys.agency...                                                                                                                                      
[09/14/26 15:22:04] INFO       ✓ Proprietà trovata per arkys.agency: https://arkys.agency/                                                                                                                         
                    INFO       ✓ Accesso GSC confermato per https://arkys.agency/: siteOwner                                                                                                                       
                    INFO       ✓ Top 10 pagine estratte                                                                                                                                                            
[09/14/26 15:22:05] INFO       ✓ Top 10 keyword estratte                                                                                                                                                           
                    INFO       ✓ Dati dispositivo estratti: ['MOBILE', 'DESKTOP', 'TABLET']                                                                                                                        
[09/14/26 15:22:06] INFO       ✓ Trend keyword estratti: 4 crescono, 2 calano, 6 nuove                                                                                                                             
                    INFO       ✓ Distribuzione posizioni estratta: 956 keyword totali                                                                                                                              
                    INFO       🔍 Recupero informazioni sitemap da GSC...                                                                                                                                          
                    INFO       ✓ Trovate 1 sitemap in GSC                                                                                                                                                          
                    INFO       🔍 Stima pagine indicizzate (URL Inspection API)...                                                                                                                                 
[09/14/26 15:22:20] INFO       ✓ Estratti 133 URL dalle sitemap                                                                                                                                                    
                    INFO         🚀 Ispeziono 112 URL con 5 worker (21 da cache)                                                                                                                                   
