╭─────────────────────────────────────────────────────────────────────────────────────────────────── Audit SEO ───────────────────────────────────────────────────────────────────────────────────────────────────╮
│ 🚀 SEO Audit Automation Tool                                                                                                                                                                                    │
│                                                                                                                                                                                                                 │
│   Dominio: https://arkys.agency                                                                                                                                                                                 │
│   Data: 2026-09-14 14:54:36                                                                                                                                                                                     │
╰─────────────────────────────────────────────────────────────────────────────────────────────────────────────────────────────────────────────────────────────────────────────────────────────────────────────────╯

📦 Fase 1: Raccolta dati
  ⠋ Raccolta dati PageSpeedCollector...
[09/14/26 14:54:36] INFO     🔍 Raccolta dati PageSpeed per https://arkys.agency...                                                                                                                                
                    INFO     ✅ Cache HIT per https://arkys.agency (mobile)                                                                                                                                        
                    INFO     ✅ Cache HIT per https://arkys.agency (desktop)                                                                                                                                       
  ✓ PageSpeedCollector completato
  ⠋ Raccolta dati GSCCollector...
[09/14/26 14:54:36] INFO     🔍 Raccolta dati GSC per https://arkys.agency...                                                                                                                                      
[09/14/26 14:54:37] INFO       ✓ Proprietà trovata per arkys.agency: https://arkys.agency/                                                                                                                         
[09/14/26 14:54:38] INFO       ✓ Accesso GSC confermato per https://arkys.agency/: siteOwner                                                                                                                       
                    INFO       ✓ Top 10 pagine estratte                                                                                                                                                            
                    INFO       ✓ Top 10 keyword estratte                                                                                                                                                           
[09/14/26 14:54:39] INFO       ✓ Dati dispositivo estratti: ['MOBILE', 'DESKTOP', 'TABLET']                                                                                                                        
[09/14/26 14:54:40] INFO       ✓ Trend keyword estratti: 4 crescono, 2 calano, 6 nuove                                                                                                                             
                    INFO       ✓ Distribuzione posizioni estratta: 956 keyword totali                                                                                                                              
                    INFO       🔍 Recupero informazioni sitemap da GSC...                                                                                                                                          
                    INFO       ✓ Trovate 1 sitemap in GSC                                                                                                                                                          
                    INFO       🔍 Stima pagine indicizzate (URL Inspection API)...                                                                                                                                 
[09/14/26 14:54:51] INFO       ✓ Estratti 133 URL dalle sitemap                                                                                                                                                    
                    INFO         🚀 Ispeziono 113 URL con 10 worker (20 da cache)                                                                                                                                  
[09/14/26 14:55:58] ERROR      ✗ 5 errori consecutivi. Interrompo. Cache salvata.                                                                                                                                  
[09/14/26 14:56:12] INFO       ✅ Ispezione completata: 9 indicizzate, 12 non indicizzate, 8 errori (81.2s, 20 da cache)                                                                                           
                    INFO       ✓ Trovate 56 pagine con dati performance                                                                                                                                            
  ✓ GSCCollector completato
  ⠋ Raccolta dati GA4Collector...
[09/14/26 14:56:12] INFO     🔍 Raccolta dati GA4 per https://arkys.agency...                                                                                                                                      
[09/14/26 14:56:22] INFO       ✓ Dati GA4 raccolti per property 299844895                                                                                                                                          
  ✓ GA4Collector completato
  ⠋ Raccolta dati HTMLCollector...
[09/14/26 14:56:22] INFO     🔍 Crawling HTML avanzato per https://arkys.agency...                                                                                                                                 
[09/14/26 14:56:23] INFO       ✓ robots.txt trovato, sitemap dichiarata: https://arkys.agency/sitemap_index.xml                                                                                                    
[09/14/26 14:56:30] INFO       📋 Raccolta URL per drill-down...                                                                                                                                                   
                    INFO       📖 Tentativo download sitemap da robots.txt: https://arkys.agency/sitemap_index.xml                                                                                                 
[09/14/26 14:56:38] INFO       ✓ Trovate 133 URL dalla sitemap (robots.txt)                                                                                                                                        
                    INFO       🎯 URL da analizzare (limite 60): 60                                                                                                                                                
                    INFO       🔍 Avvio crawling drill-down...                                                                                                                                                     
                    INFO       📊 Analisi drill-down: 1/60 pagine...                                                                                                                                               
[09/14/26 14:57:01] INFO       📊 Analisi drill-down: 10/60 pagine...                                                                                                                                              
[09/14/26 14:57:33] INFO       📊 Analisi drill-down: 20/60 pagine...                                                                                                                                              
[09/14/26 14:58:11] INFO       📊 Analisi drill-down: 30/60 pagine...                                                                                                                                              
[09/14/26 14:58:35] INFO       📊 Analisi drill-down: 40/60 pagine...                                                                                                                                              
[09/14/26 15:01:01] WARNING  Errore analisi profonda https://arkys.agency/engagement-rate-cos-e-come-si-calcola/: HTTPSConnectionPool(host='arkys.agency', port=443): Read timed out. (read timeout=30)            
[09/14/26 15:01:03] INFO       📊 Analisi drill-down: 50/60 pagine...                                                                                                                                              
[09/14/26 15:02:42] INFO       📊 Analisi drill-down: 60/60 pagine...                                                                                                                                              
[09/14/26 15:02:46] INFO       ✅ Drill-down completato: 59 successi, 1 errori                                                                                                                                     
[09/14/26 15:03:36] INFO       ✓ Crawling completato: 59 pagine analizzate in profondità                                                                                                                           
  ✓ HTMLCollector completato
  ⠋ Raccolta dati WhoisCollector...
[09/14/26 15:03:36] INFO     🔍 Raccolta dati Whois per arkys.agency...                                                                                                                                            
                    WARNING    ⚠️  python-whois fallito: Whois command returned no output                                                                                                                          
                    INFO       ✓ Whois ottenuto con comando di sistema                                                                                                                                             
                    INFO       ✓ Whois completo: dominio 12.7 anni, registrar:                                                                                                                                     
  ✓ WhoisCollector completato
  ⠋ Raccolta dati ManualCollector...
[09/14/26 15:03:36] INFO     🔍 Esecuzione check manuali per https://arkys.agency...                                                                                                                               
  ✓ ManualCollector completato
  ⠋ Raccolta dati GEOCollector...
[09/14/26 15:03:36] INFO     🔍 Analisi GEO/AEO per https://arkys.agency...                                                                                                                                        
[09/14/26 15:03:37] INFO       ✓ Analisi GEO/AEO completata                                                                                                                                                        
  ✓ GEOCollector completato

🔍 Verifica dati raccolti
  ✓ pagespeed: True
  ✓ gsc: True
  ✓ ga4: True
  ✓ html: True
  ✓ whois: True
  ✓ manual: True
  ✓ geo: True

🔄 Fase 2: Elaborazione dati
  ✓ Righe Audit generate: 83
  ✓ Righe Checklist generate: 5
  ✓ Health Score: 90/100
  ✓ Check PageSpeed trovati: 4
    - U-01: Core Web Vitals (Mobile) - FAIL
    - U-02: Lighthouse Performance Score - OK
    - U-03: Viewport (Responsive) - OK
    - U-04: AMP (Accelerated Mobile Pages) - INFO

📊 Fase 3: Generazione report

✅ Completato!
📁 Report salvato in: reports/AuditSEO_arkys.agency_20260914_150337.xlsx

  📊 Statistiche Cache PageSpeed  
┏━━━━━━━━━━━━━━━━━━━━━━━┳━━━━━━━━┓
┃ Metrica               ┃ Valore ┃
┡━━━━━━━━━━━━━━━━━━━━━━━╇━━━━━━━━┩
│ Cache Hits            │ 16     │
│ Cache Misses          │ 2      │
│ API Calls Risparmiate │ 16     │
└───────────────────────┴────────┘
