╭─────────────────────────────────────────────────────────────────────────────────────────────────── Audit SEO ───────────────────────────────────────────────────────────────────────────────────────────────────╮
│ 🚀 SEO Audit Automation Tool                                                                                                                                                                                    │
│                                                                                                                                                                                                                 │
│   Dominio: https://arkys.agency                                                                                                                                                                                 │
│   Data: 2026-09-14 15:30:02                                                                                                                                                                                     │
╰─────────────────────────────────────────────────────────────────────────────────────────────────────────────────────────────────────────────────────────────────────────────────────────────────────────────────╯

📦 Fase 1: Raccolta dati
  ⠋ Raccolta dati PageSpeedCollector...
[09/14/26 15:30:02] INFO     🔍 Raccolta dati PageSpeed per https://arkys.agency...                                                                                                                                
                    INFO     ✅ Cache HIT per https://arkys.agency (mobile)                                                                                                                                        
                    INFO     ✅ Cache HIT per https://arkys.agency (desktop)                                                                                                                                       
  ✓ PageSpeedCollector completato
  ⠋ Raccolta dati GSCCollector...
[09/14/26 15:30:02] INFO     🔍 Raccolta dati GSC per https://arkys.agency...                                                                                                                                      
[09/14/26 15:30:04] INFO       ✓ Proprietà trovata per arkys.agency: https://arkys.agency/                                                                                                                         
                    INFO       ✓ Accesso GSC confermato per https://arkys.agency/: siteOwner                                                                                                                       
                    INFO       ✓ Top 10 pagine estratte                                                                                                                                                            
[09/14/26 15:30:05] INFO       ✓ Top 10 keyword estratte                                                                                                                                                           
                    INFO       ✓ Dati dispositivo estratti: ['MOBILE', 'DESKTOP', 'TABLET']                                                                                                                        
[09/14/26 15:30:06] INFO       ✓ Trend keyword estratti: 4 crescono, 2 calano, 6 nuove                                                                                                                             
                    INFO       ✓ Distribuzione posizioni estratta: 956 keyword totali                                                                                                                              
                    INFO       🔍 Recupero informazioni sitemap da GSC...                                                                                                                                          
                    INFO       ✓ Trovate 1 sitemap in GSC                                                                                                                                                          
                    INFO       🔍 Stima pagine indicizzate (URL Inspection API)...                                                                                                                                 
[09/14/26 15:30:26] INFO       ✓ Estratti 133 URL dalle sitemap                                                                                                                                                    
                    INFO         🚀 Ispeziono 112 URL con 5 worker (21 da cache)                                                                                                                                   
[09/14/26 15:30:47] INFO         … 30/133 URL (21s, 21 da cache, ETA 71s)                                                                                                                                          
[09/14/26 15:31:08] INFO         … 40/133 URL (42s, 21 da cache, ETA 99s)                                                                                                                                          
[09/14/26 15:31:27] INFO         … 50/133 URL (61s, 21 da cache, ETA 102s)                                                                                                                                         
[09/14/26 15:31:47] INFO         … 60/133 URL (81s, 21 da cache, ETA 99s)                                                                                                                                          
[09/14/26 15:32:06] INFO         … 70/133 URL (101s, 21 da cache, ETA 91s)                                                                                                                                         
[09/14/26 15:32:32] INFO         … 80/133 URL (126s, 21 da cache, ETA 83s)                                                                                                                                         
[09/14/26 15:32:53] INFO         … 90/133 URL (147s, 21 da cache, ETA 70s)                                                                                                                                         
[09/14/26 15:33:13] INFO         … 100/133 URL (167s, 21 da cache, ETA 55s)                                                                                                                                        
[09/14/26 15:33:33] INFO         … 110/133 URL (187s, 21 da cache, ETA 39s)                                                                                                                                        
[09/14/26 15:33:52] INFO         … 120/133 URL (206s, 21 da cache, ETA 22s)                                                                                                                                        
[09/14/26 15:34:11] INFO         … 130/133 URL (225s, 21 da cache, ETA 5s)                                                                                                                                         
[09/14/26 15:34:14] INFO         … 133/133 URL (228s, 21 da cache, ETA 0s)                                                                                                                                         
                    INFO       ✅ Ispezione completata: 54 indicizzate, 79 non indicizzate, 0 errori (227.6s, 21 da cache)                                                                                         
                    INFO       ✓ Trovate 56 pagine con dati performance                                                                                                                                            
  ✓ GSCCollector completato
  ⠋ Raccolta dati GA4Collector...
[09/14/26 15:34:14] INFO     🔍 Raccolta dati GA4 per https://arkys.agency...                                                                                                                                      
[09/14/26 15:34:26] INFO       ✓ Dati GA4 raccolti per property 299844895                                                                                                                                          
  ✓ GA4Collector completato
  ⠋ Raccolta dati HTMLCollector...
[09/14/26 15:34:26] INFO     🔍 Crawling HTML avanzato per https://arkys.agency...                                                                                                                                 
[09/14/26 15:34:27] INFO       ✓ robots.txt trovato, sitemap dichiarata: https://arkys.agency/sitemap_index.xml                                                                                                    
[09/14/26 15:34:39] INFO       📋 Raccolta URL per drill-down...                                                                                                                                                   
                    INFO       📖 Tentativo download sitemap da robots.txt: https://arkys.agency/sitemap_index.xml                                                                                                 
[09/14/26 15:34:47] INFO       ✓ Trovate 133 URL dalla sitemap (robots.txt)                                                                                                                                        
                    INFO       🎯 URL da analizzare (limite 60): 60                                                                                                                                                
                    INFO       🔍 Avvio crawling drill-down...                                                                                                                                                     
                    INFO       📊 Analisi drill-down: 1/60 pagine...                                                                                                                                               
[09/14/26 15:35:06] INFO       📊 Analisi drill-down: 10/60 pagine...                                                                                                                                              
[09/14/26 15:35:25] INFO       📊 Analisi drill-down: 20/60 pagine...                                                                                                                                              
[09/14/26 15:35:49] INFO       📊 Analisi drill-down: 30/60 pagine...                                                                                                                                              
[09/14/26 15:36:08] INFO       📊 Analisi drill-down: 40/60 pagine...                                                                                                                                              
[09/14/26 15:36:27] INFO       📊 Analisi drill-down: 50/60 pagine...                                                                                                                                              
[09/14/26 15:36:57] INFO       📊 Analisi drill-down: 60/60 pagine...                                                                                                                                              
[09/14/26 15:36:58] INFO       ✅ Drill-down completato: 60 successi, 0 errori                                                                                                                                     
[09/14/26 15:37:02] INFO       ✓ Crawling completato: 60 pagine analizzate in profondità                                                                                                                           
  ✓ HTMLCollector completato
  ⠋ Raccolta dati WhoisCollector...
[09/14/26 15:37:02] INFO     🔍 Raccolta dati Whois per arkys.agency...                                                                                                                                            
[09/14/26 15:37:03] WARNING    ⚠️  python-whois fallito: Whois command returned no output                                                                                                                          
                    INFO       ✓ Whois ottenuto con comando di sistema                                                                                                                                             
                    INFO       ✓ Whois completo: dominio 12.7 anni, registrar:                                                                                                                                     
  ✓ WhoisCollector completato
  ⠋ Raccolta dati ManualCollector...
[09/14/26 15:37:03] INFO     🔍 Esecuzione check manuali per https://arkys.agency...                                                                                                                               
  ✓ ManualCollector completato
  ⠋ Raccolta dati GEOCollector...
[09/14/26 15:37:03] INFO     🔍 Analisi GEO/AEO per https://arkys.agency...                                                                                                                                        
[09/14/26 15:37:04] INFO       ✓ Analisi GEO/AEO completata                                                                                                                                                        
  ✓ GEOCollector completato

🔍 Verifica dati raccolti
  ✓ pagespeed: True
  ✓ gsc: True
  ✓ ga4: True
  ✓ html: True
  ✓ whois: True
  ✓ manual: True
  ✓ geo: True

🔄 Fase 2: Elaborazione dati
  ✓ Righe Audit generate: 83
  ✓ Righe Checklist generate: 5
  ✓ Health Score: 90/100
  ✓ Check PageSpeed trovati: 4
    - U-01: Core Web Vitals (Mobile) - FAIL
    - U-02: Lighthouse Performance Score - OK
    - U-03: Viewport (Responsive) - OK
    - U-04: AMP (Accelerated Mobile Pages) - INFO

📊 Fase 3: Generazione report

✅ Completato!
📁 Report salvato in: reports/AuditSEO_arkys.agency_20260914_153704.xlsx

  📊 Statistiche Cache PageSpeed  
┏━━━━━━━━━━━━━━━━━━━━━━━┳━━━━━━━━┓
┃ Metrica               ┃ Valore ┃
┡━━━━━━━━━━━━━━━━━━━━━━━╇━━━━━━━━┩
│ Cache Hits            │ 20     │
│ Cache Misses          │ 2      │
│ API Calls Risparmiate │ 20     │
└───────────────────────┴────────┘
