╭─────────────────────────────────────────────────────────────────────────────────────────────────── Audit SEO ───────────────────────────────────────────────────────────────────────────────────────────────────╮
│ 🚀 SEO Audit Automation Tool                                                                                                                                                                                    │
│                                                                                                                                                                                                                 │
│   Dominio: https://arkys.agency                                                                                                                                                                                 │
│   Data: 2026-09-14 15:49:43                                                                                                                                                                                     │
╰─────────────────────────────────────────────────────────────────────────────────────────────────────────────────────────────────────────────────────────────────────────────────────────────────────────────────╯

📦 Fase 1: Raccolta dati
  ⠋ Raccolta dati PageSpeedCollector...
[09/14/26 15:49:43] INFO     🔍 Raccolta dati PageSpeed per https://arkys.agency...                                                                                                                                
                    INFO     ✅ Cache HIT per https://arkys.agency (mobile)                                                                                                                                        
                    INFO     ✅ Cache HIT per https://arkys.agency (desktop)                                                                                                                                       
  ✓ PageSpeedCollector completato
  ⠋ Raccolta dati GSCCollector...
[09/14/26 15:49:43] INFO     🔍 Raccolta dati GSC per https://arkys.agency...                                                                                                                                      
[09/14/26 15:49:50] INFO       ✓ Proprietà trovata per arkys.agency: https://arkys.agency/                                                                                                                         
                    INFO       ✓ Accesso GSC confermato per https://arkys.agency/: siteOwner                                                                                                                       
                    INFO       ✓ Top 10 pagine estratte                                                                                                                                                            
[09/14/26 15:49:51] INFO       ✓ Top 10 keyword estratte                                                                                                                                                           
                    INFO       ✓ Dati dispositivo estratti: ['MOBILE', 'DESKTOP', 'TABLET']                                                                                                                        
[09/14/26 15:49:52] INFO       ✓ Trend keyword estratti: 4 crescono, 2 calano, 6 nuove                                                                                                                             
                    INFO       ✓ Distribuzione posizioni estratta: 956 keyword totali                                                                                                                              
                    INFO       🔍 Recupero informazioni sitemap da GSC...                                                                                                                                          
                    INFO       ✓ Trovate 1 sitemap in GSC                                                                                                                                                          
                    INFO       🔍 Stima pagine indicizzate (URL Inspection API)...                                                                                                                                 
[09/14/26 15:50:03] INFO       ✓ Estratti 133 URL dalle sitemap                                                                                                                                                    
                    INFO         🚀 Ispeziono 0 URL con 5 worker (133 da cache)                                                                                                                                    
                    INFO       ✅ Ispezione completata: 54 indicizzate, 79 non indicizzate, 0 errori (0.0s, 133 da cache)                                                                                          
                    INFO       ✓ Trovate 56 pagine con dati performance                                                                                                                                            
  ✓ GSCCollector completato
  ⠋ Raccolta dati GA4Collector...
[09/14/26 15:50:03] INFO     🔍 Raccolta dati GA4 per https://arkys.agency...                                                                                                                                      
[09/14/26 15:50:14] INFO       ✓ Dati GA4 raccolti per property 299844895                                                                                                                                          
  ✓ GA4Collector completato
  ⠋ Raccolta dati HTMLCollector...
[09/14/26 15:50:14] INFO     🔍 Crawling HTML avanzato per https://arkys.agency...                                                                                                                                 
[09/14/26 15:50:15] INFO       ✓ robots.txt trovato, sitemap dichiarata: https://arkys.agency/sitemap_index.xml                                                                                                    
[09/14/26 15:50:22] INFO       📋 Raccolta URL per drill-down...                                                                                                                                                   
                    INFO       📖 Tentativo download sitemap da robots.txt: https://arkys.agency/sitemap_index.xml                                                                                                 
[09/14/26 15:50:30] INFO       ✓ Trovate 133 URL dalla sitemap (robots.txt)                                                                                                                                        
                    INFO       🎯 URL da analizzare (limite 60): 60                                                                                                                                                
                    INFO       🔍 Avvio crawling drill-down...                                                                                                                                                     
                    INFO       📊 Analisi drill-down: 1/60 pagine...                                                                                                                                               
[09/14/26 15:50:37] INFO       📊 Analisi drill-down: 10/60 pagine...                                                                                                                                              
[09/14/26 15:50:46] INFO       📊 Analisi drill-down: 20/60 pagine...                                                                                                                                              
[09/14/26 15:50:58] INFO       📊 Analisi drill-down: 30/60 pagine...                                                                                                                                              
[09/14/26 15:51:10] INFO       📊 Analisi drill-down: 40/60 pagine...                                                                                                                                              
[09/14/26 15:51:26] INFO       📊 Analisi drill-down: 50/60 pagine...                                                                                                                                              
[09/14/26 15:51:49] INFO       📊 Analisi drill-down: 60/60 pagine...                                                                                                                                              
[09/14/26 15:51:50] INFO       ✅ Drill-down completato: 60 successi, 0 errori                                                                                                                                     
[09/14/26 15:51:54] INFO       ✓ Crawling completato: 60 pagine analizzate in profondità                                                                                                                           
  ✓ HTMLCollector completato
  ⠋ Raccolta dati WhoisCollector...
[09/14/26 15:51:54] INFO     🔍 Raccolta dati Whois/RDAP per arkys.agency...                                                                                                                                       
[09/14/26 15:51:56] INFO       ✓ RDAP ottenuto (source: rdap.org)                                                                                                                                                  
                    INFO       ✓ Whois completo: dominio 5.8 anni, registrar: TLD Registrar Solutions Ltd.                                                                                                         
  ✓ WhoisCollector completato
  ⠋ Raccolta dati ManualCollector...
[09/14/26 15:51:56] INFO     🔍 Esecuzione check manuali per https://arkys.agency...                                                                                                                               
  ✓ ManualCollector completato
  ⠋ Raccolta dati GEOCollector...
[09/14/26 15:51:56] INFO     🔍 Analisi GEO/AEO per https://arkys.agency...                                                                                                                                        
[09/14/26 15:51:57] INFO       ✓ Analisi GEO/AEO completata                                                                                                                                                        
  ✓ GEOCollector completato

🔍 Verifica dati raccolti
  ✓ pagespeed: True
  ✓ gsc: True
  ✓ ga4: True
  ✓ html: True
  ✓ whois: True
  ✓ manual: True
  ✓ geo: True

🔄 Fase 2: Elaborazione dati
  ✓ Righe Audit generate: 86
  ✓ Righe Checklist generate: 5
  ✓ Health Score: 90/100
  ✓ Check PageSpeed trovati: 4
    - U-01: Core Web Vitals (Mobile) - FAIL
    - U-02: Lighthouse Performance Score - OK
    - U-03: Viewport (Responsive) - OK
    - U-04: AMP (Accelerated Mobile Pages) - INFO

📊 Fase 3: Generazione report

✅ Completato!
📁 Report salvato in: reports/AuditSEO_arkys.agency_20260914_155157.xlsx

  📊 Statistiche Cache PageSpeed  
┏━━━━━━━━━━━━━━━━━━━━━━━┳━━━━━━━━┓
┃ Metrica               ┃ Valore ┃
┡━━━━━━━━━━━━━━━━━━━━━━━╇━━━━━━━━┩
│ Cache Hits            │ 24     │
│ Cache Misses          │ 2      │
│ API Calls Risparmiate │ 24     │
└───────────────────────┴────────┘
